:v:g = player = NORMAL
:v:w = enemy = OBSTACLE
g:0 g:0 g:0 g:0 g:0 g:0 g:0 g:0 g:0 g:0 g:0 g:0 g:0 g:0 g:0 g:0
g:0 g:0 g:0 g:0 g:0 g:0 g:0 g:0 g:0 g:0 g:0 g:0 g:0 g:0 g:0 g:0
g:0 g:0 g:0 g:0 g:0 g:0 g:0 g:0 g:0 g:0 g:0 g:0 g:0 g:0 g:0 g:0
g:0 g:0 g:0 g:0 g:0 g:0 g:0 g:0 g:0 g:0 g:0 g:0 g:0 g:0 g:0 g:0
g:0 g:0 g:0 g:0 g:0 g:0 g:0 g:0 g:0 g:0 g:0 g:0 g:0 g:0 g:0 g:0
g:0 g:0 g:0 g:0 g:0 g:0 g:0 g:0 g:0 g:0 g:0 g:0 g:0 g:0 g:0 g:0
g:0 g:0 g:0 g:0 g:0 g:0 g:0 g:0 g:0 g:0 g:0 g:0 g:0 g:0 g:0 g:0
g:0 g:0 g:0 g:0 g:0 g:0 g:0 g:0 g:0 g:0 g:0 g:0 g:0 g:0 g:0 g:0
g:0 g:0 g:0 g:0 g:0 g:0 g:0 g:0 g:0 g:0 g:0 g:0 g:0 g:0 g:0 g:0
g:0 g:0 g:0 g:0 g:0 g:0 g:0 g:0 g:0 g:0 g:0 g:0 g:0 g:0 g:0 g:0
g:0 g:0 g:0 g:0 g:0 g:0 g:0 g:0 g:0 g:0 g:0 g:0 g:0 g:0 g:0 g:0
g:0 g:0 g:0 g:0 g:0 g:0 g:0 g:0 g:0 g:0 g:0 g:0 g:0 g:0 g:0 g:0
g:0 g:0 g:0 g:0 g:0 g:0 g:0 g:0 g:0 g:0 g:0 g:0 g:0 g:0 g:0 g:0
w:0 w:0 w:0 g:0 g:0 g:0 g:0 g:0 g:0 g:0 g:0 g:0 g:0 g:0 g:0 g:0
g:0 g:0 w:0 g:0 g:0 g:0 g:0 g:0 g:0 g:0 g:0 g:0 g:0 g:0 g:0 g:0
g:0 g:0 w:0 g:0 g:0 g:0 g:0 g:0 g:0 g:0 g:0 g:0 g:0 g:0 g:0 g:0